Logging to: /home/madhoolika/workspace/reset_policy/src/logs
Board bounds: x=[-0.450, -0.100], y=[-0.740, 0.035] m
Cell size: 0.010 m
Initializing camera...
Initializing AprilTag tracker...
Dynamixel connected
Motor 16: 0, [TxRxResult] There is no status packet!, 
Motor 17: 0, [TxRxResult] There is no status packet!, 
Motor 18: 0, [TxRxResult] There is no status packet!, 
Motor 19: 0, [TxRxResult] There is no status packet!, 
Initializing Dynamixels...

Training stopped with error: RuntimeError: Motor 16: [TxRxResult] There is no status packet!

=== CLEANUP START ===
=== CLEANUP COMPLETE ===
Traceback (most recent call last):
  File "/home/madhoolika/workspace/reset_policy/src/scripts/main.py", line 222, in <module>
    main()
    ~~~~^^
  File "/home/madhoolika/workspace/reset_policy/src/scripts/main.py", line 176, in main
    env, cameras, executor, port = create_environment()
                                   ~~~~~~~~~~~~~~~~~~^^
  File "/home/madhoolika/workspace/reset_policy/src/scripts/main.py", line 111, in create_environment
    executor.initialize()
    ~~~~~~~~~~~~~~~~~~~^^
  File "/home/madhoolika/workspace/reset_policy/src/reset_policy/control/dynamixel_executor.py", line 413, in initialize
    self.write1(motor, ADDR_TORQUE_ENABLE, TORQUE_DISABLE)
    ~~~~~~~~~~~^^^^^^^^^^^^^^^^^^^^^^^^^^^^^^^^^^^^^^^^^^^
  File "/home/madhoolika/workspace/reset_policy/src/reset_policy/control/dynamixel_executor.py", line 347, in write1
    raise RuntimeError(f"Motor {motor_id}: {self.packet.getTxRxResult(comm)}")
RuntimeError: Motor 16: [TxRxResult] There is no status packet!
